---
source: tests/cli.rs
expression: normalized
---
Check for compromised packages

Usage: ector check [OPTIONS]

Options:
      --all                    Check all known threats
  -t, --threat <THREAT>        Check specific threat by name
  -d, --directory <DIRECTORY>  Directory to scan [default: .]
  -i, --interactive            Interactive mode: select threat from list
  -h, --help                   Print help
