---
source: tests/cli.rs
expression: normalized_stdout
---
[INFO] Loading all known threats...
[SUCCESS] Loaded 3 threats
  • effect-platform-compromise (1 packages)
  • effect-core-vulnerability (1 packages)
  • typescript-backdoor (1 packages)


=== Starting Security Scan ===
Directory: <PROJECT_DIR>/tests/fixtures/effect-app


=== Starting Security Scan ===
Directory: <PROJECT_DIR>/tests/fixtures/effect-app

[SCAN] Checking package.json...
  [OK] No issues found
[SCAN] Checking package-lock.json...
  [OK] No issues found
[SCAN] Scanning source files for malicious code...
  [INFO] Found 37 files to scan
  [OK] No malicious code detected

=== Scan Summary ===
  Packages checked: <N>
  Files scanned: <N>

✓ No security issues found

=== Final Report ===

Packages checked: <N>
Files scanned: <N>

✓ No issues found!
Your project appears to be safe from known supply chain threats.
